[1mvLLM sweep[0m  http://localhost:8001  model=zai-org/GLM-5.3-Flash

[1m== preflight[0m
  [32mok[0m   server healthy at http://localhost:8001
  [32mok[0m   serving: zai-org/GLM-5.3-Flash
  [32mok[0m   output dir: GLM-5.3-Flash/results/fp8kv-fi618
  [32mok[0m   wrote GLM-5.3-Flash/results/fp8kv-fi618/manifest.txt

[1m== batch sweep (Q1) -- ISL 16K, OSL 256[0m

  [1mbatch_isl16k_c1[0m  ISL=16384 OSL=256 conc=1 prompts=8 seed=32239
    output tok/s   : 68.896506
    total  tok/s   : 4481.5024
    req/s          : 0.269126
    TTFT p50/p99 ms: 1098 / 1928
    TPOT p50/p99 ms: 10 / 10
    peak KV usage  : 0.008
  [32mok[0m       cold run confirmed (0 new prefix-cache hits)

  [1mbatch_isl16k_c4[0m  ISL=16384 OSL=256 conc=4 prompts=8 seed=55996
    output tok/s   : 128.71815
    total  tok/s   : 8372.7135
    req/s          : 0.502805
    TTFT p50/p99 ms: 2603 / 3997
    TPOT p50/p99 ms: 21 / 26
    peak KV usage  : 0.032
  [32mok[0m       cold run confirmed (0 new prefix-cache hits)

  [1mbatch_isl16k_c16[0m  ISL=16384 OSL=256 conc=16 prompts=32 seed=151024
    output tok/s   : 208.81282
    total  tok/s   : 13582.621
    req/s          : 0.815675
    TTFT p50/p99 ms: 2911 / 14373
    TPOT p50/p99 ms: 65 / 71
    peak KV usage  : 0.127
  [32mok[0m       cold run confirmed (0 new prefix-cache hits)

  [1mbatch_isl16k_c64[0m  ISL=16384 OSL=256 conc=64 prompts=128 seed=531136
    output tok/s   : 262.00412
    total  tok/s   : 17042.549
    req/s          : 1.023453
    TTFT p50/p99 ms: 2958 / 56546
    TPOT p50/p99 ms: 227 / 232
    peak KV usage  : 0.511
  [32mok[0m       cold run confirmed (0 new prefix-cache hits)

[1m== context sweep (Q1/Q2) -- concurrency 8, OSL 256[0m

  [1mctx_isl16384_c8[0m  ISL=16384 OSL=256 conc=8 prompts=16 seed=87672
    output tok/s   : 170.92239
    total  tok/s   : 11117.967
    req/s          : 0.667665
    TTFT p50/p99 ms: 2876 / 7187
    TPOT p50/p99 ms: 35 / 41
    peak KV usage  : 0.064
  [32mok[0m       cold run confirmed (0 new prefix-cache hits)

  [1mctx_isl65536_c8[0m  ISL=65536 OSL=256 conc=8 prompts=16 seed=136824
    output tok/s   : 52.145789
    total  tok/s   : 13403.912
    req/s          : 0.203694
    TTFT p50/p99 ms: 8048 / 38541
    TPOT p50/p99 ms: 106 / 156
    peak KV usage  : 0.220
  [32mok[0m       cold run confirmed (0 new prefix-cache hits)

  [1mctx_isl131072_c8[0m  ISL=131072 OSL=256 conc=8 prompts=16 seed=102360
    output tok/s   : 31.750728
    total  tok/s   : 16289.611
    req/s          : 0.124026
    TTFT p50/p99 ms: 15949 / 60478
    TPOT p50/p99 ms: 188 / 218
    peak KV usage  : 0.428
  [32mok[0m       cold run confirmed (0 new prefix-cache hits)

  [1mctx_isl260000_c8[0m  ISL=260000 OSL=256 conc=8 prompts=16 seed=131288
    output tok/s   : 16.310097
    total  tok/s   : 16582.016
    req/s          : 0.063711
    TTFT p50/p99 ms: 34809 / 120890
    TPOT p50/p99 ms: 349 / 418
    peak KV usage  : 0.838
  [32mok[0m       cold run confirmed (0 new prefix-cache hits)

[1m== prefix-cache sweep (Q2) -- shared prefix 64K + 2K unique suffix[0m

  [1mprefix_p64k_n1[0m  num_prefixes=1 (prompts/prefix = 64/1)
    output tok/s: 234.45210   TTFT p50 ms: 1536

  [1mprefix_p64k_n4[0m  num_prefixes=4 (prompts/prefix = 64/4)
    output tok/s: 238.40040   TTFT p50 ms: 1534

  [1mprefix_p64k_n16[0m  num_prefixes=16 (prompts/prefix = 64/16)
    output tok/s: 145.07840   TTFT p50 ms: 2085
  [33mnote[0m fewer prefixes = more sharing = more cache hits. TTFT should fall as n drops.

[1m== summary[0m
  label                   out tok/s  tot tok/s   TTFTp50   TPOTp50   KVpeak
    batch_isl16k_c1            68.9     4481.5      1098       9.8    0.008
    batch_isl16k_c16          208.8    13582.6      2911      64.6    0.127
    batch_isl16k_c4           128.7     8372.7      2603      20.7    0.032
    batch_isl16k_c64          262.0    17042.5      2958     227.2    0.511
    ctx_isl131072_c8           31.8    16289.6     15949     187.7    0.428
    ctx_isl16384_c8           170.9    11118.0      2876      35.2    0.064
    ctx_isl260000_c8           16.3    16582.0     34809     349.1    0.838
    ctx_isl65536_c8            52.1    13403.9      8048     106.1    0.220
    prefix_p64k_n1            234.5    62140.8      1536      21.3    0.000
    prefix_p64k_n16           145.1    38452.6      2085      25.5    0.000
    prefix_p64k_n4            238.4    63187.3      1534      21.3    0.000

  results: GLM-5.3-Flash/results/fp8kv-fi618

  Reporting reminders (project conventions):
    - every number above is MEASURED; label it as such next to any analytical
      prediction from plan.md
    - carry hardware + quantization with each number (see manifest.txt)
    - MTP/spec-decode state changes throughput; note whether it was on
    - report achieved bandwidth as a FRACTION of 3.35 TB/s (H100) when you
      claim "memory-bound"
