[1mvLLM sweep[0m  http://localhost:8001  model=zai-org/GLM-5.3-Flash

[1m== preflight[0m
  [32mok[0m   server healthy at http://localhost:8001
  [32mok[0m   serving: zai-org/GLM-5.3-Flash
  [32mok[0m   output dir: GLM-5.3-Flash/results/bf16kv-fi618
  [32mok[0m   wrote GLM-5.3-Flash/results/bf16kv-fi618/manifest.txt

[1m== batch sweep (Q1) -- ISL 16K, OSL 256[0m

  [1mbatch_isl16k_c1[0m  ISL=16384 OSL=256 conc=1 prompts=8 seed=32239
    output tok/s   : 71.507854
    total  tok/s   : 4651.3624
    req/s          : 0.279327
    TTFT p50/p99 ms: 1015 / 2041
    TPOT p50/p99 ms: 10 / 10
    peak KV usage  : 0.014
  [32mok[0m       cold run confirmed (0 new prefix-cache hits)

  [1mbatch_isl16k_c4[0m  ISL=16384 OSL=256 conc=4 prompts=8 seed=55996
    output tok/s   : 147.54985
    total  tok/s   : 9597.6567
    req/s          : 0.576366
    TTFT p50/p99 ms: 2209 / 3025
    TPOT p50/p99 ms: 18 / 22
    peak KV usage  : 0.048
  [32mok[0m       cold run confirmed (0 new prefix-cache hits)

  [1mbatch_isl16k_c16[0m  ISL=16384 OSL=256 conc=16 prompts=32 seed=151024
    output tok/s   : 263.02487
    total  tok/s   : 17108.946
    req/s          : 1.027440
    TTFT p50/p99 ms: 2486 / 10546
    TPOT p50/p99 ms: 50 / 55
    peak KV usage  : 0.194
  [32mok[0m       cold run confirmed (0 new prefix-cache hits)

  [1mbatch_isl16k_c64[0m  ISL=16384 OSL=256 conc=64 prompts=128 seed=531136
    output tok/s   : 348.77621
    total  tok/s   : 22686.802
    req/s          : 1.362407
    TTFT p50/p99 ms: 2538 / 41494
    TPOT p50/p99 ms: 168 / 172
    peak KV usage  : 0.779
  [32mok[0m       cold run confirmed (0 new prefix-cache hits)

[1m== summary[0m
  label                   out tok/s  tot tok/s   TTFTp50   TPOTp50   KVpeak
    batch_isl16k_c1            71.5     4651.4      1015       9.5    0.014
    batch_isl16k_c16          263.0    17108.9      2486      50.1    0.194
    batch_isl16k_c4           147.5     9597.7      2209      18.5    0.048
    batch_isl16k_c64          348.8    22686.8      2538     167.9    0.779

  results: GLM-5.3-Flash/results/bf16kv-fi618

  Reporting reminders (project conventions):
    - every number above is MEASURED; label it as such next to any analytical
      prediction from plan.md
    - carry hardware + quantization with each number (see manifest.txt)
    - MTP/spec-decode state changes throughput; note whether it was on
    - report achieved bandwidth as a FRACTION of 3.35 TB/s (H100) when you
      claim "memory-bound"
