[1mvLLM sweep[0m  http://localhost:8001  model=zai-org/GLM-5.3-Flash

[1m== preflight[0m
  [32mok[0m   server healthy at http://localhost:8001
  [32mok[0m   serving: zai-org/GLM-5.3-Flash
  [32mok[0m   output dir: GLM-5.3-Flash/results/bf16kv
  [32mok[0m   wrote GLM-5.3-Flash/results/bf16kv/manifest.txt

[1m== batch sweep (Q1) -- ISL 16K, OSL 256[0m

  [1mbatch_isl16k_c1[0m  ISL=16384 OSL=256 conc=1 prompts=8 seed=32239
    output tok/s   : 96.309419
    total  tok/s   : 6264.6267
    req/s          : 0.376208
    TTFT p50/p99 ms: 857 / 886
    TPOT p50/p99 ms: 7 / 7
    peak KV usage  : 0.014
  [32mok[0m       cold run confirmed (0 new prefix-cache hits)

  [1mbatch_isl16k_c4[0m  ISL=16384 OSL=256 conc=4 prompts=8 seed=55996
    output tok/s   : 225.29681
    total  tok/s   : 14654.853
    req/s          : 0.880065
    TTFT p50/p99 ms: 1742 / 2319
    TPOT p50/p99 ms: 11 / 14
    peak KV usage  : 0.051
  [32mok[0m       cold run confirmed (0 new prefix-cache hits)

  [1mbatch_isl16k_c16[0m  ISL=16384 OSL=256 conc=16 prompts=32 seed=151024
    output tok/s   : 359.17155
    total  tok/s   : 23362.987
    req/s          : 1.403013
    TTFT p50/p99 ms: 2685 / 8322
    TPOT p50/p99 ms: 34 / 40
    peak KV usage  : 0.201
  [32mok[0m       cold run confirmed (0 new prefix-cache hits)

  [1mbatch_isl16k_c64[0m  ISL=16384 OSL=256 conc=64 prompts=128 seed=531136
    output tok/s   : 447.06656
    total  tok/s   : 29080.282
    req/s          : 1.746353
    TTFT p50/p99 ms: 2513 / 32606
    TPOT p50/p99 ms: 130 / 134
    peak KV usage  : 0.809
  [32mok[0m       cold run confirmed (0 new prefix-cache hits)

[1m== context sweep (Q1/Q2) -- concurrency 8, OSL 256[0m

  [1mctx_isl16384_c8[0m  ISL=16384 OSL=256 conc=8 prompts=16 seed=87672
    output tok/s   : 295.90061
    total  tok/s   : 19247.410
    req/s          : 1.155861
    TTFT p50/p99 ms: 2629 / 4235
    TPOT p50/p99 ms: 17 / 23
    peak KV usage  : 0.102
  [32mok[0m       cold run confirmed (0 new prefix-cache hits)

  [1mctx_isl65536_c8[0m  ISL=65536 OSL=256 conc=8 prompts=16 seed=136824
    output tok/s   : 104.27038
    total  tok/s   : 26802.375
    req/s          : 0.407306
    TTFT p50/p99 ms: 7212 / 17039
    TPOT p50/p99 ms: 48 / 65
    peak KV usage  : 0.366
  [32mok[0m       cold run confirmed (0 new prefix-cache hits)

  [1mctx_isl131072_c8[0m  ISL=131072 OSL=256 conc=8 prompts=16 seed=102360
    output tok/s   : 47.243177
    total  tok/s   : 24237.964
    req/s          : 0.184543
    TTFT p50/p99 ms: 12891 / 44664
    TPOT p50/p99 ms: 117 / 168
    peak KV usage  : 0.725
  [32mok[0m       cold run confirmed (0 new prefix-cache hits)

  [1mctx_isl262144_c8[0m  ISL=262144 OSL=256 conc=8 prompts=16 seed=133432
    output tok/s   : 0.0
    total  tok/s   : 0.0
    req/s          : 0.0
    TTFT p50/p99 ms: 0 / 0
    TPOT p50/p99 ms: 0 / 0
    peak KV usage  : 0.000
  [32mok[0m       cold run confirmed (0 new prefix-cache hits)

[1m== prefix-cache sweep (Q2) -- shared prefix 64K + 2K unique suffix[0m

  [1mprefix_p64k_n1[0m  num_prefixes=1 (prompts/prefix = 64/1)
    output tok/s: 265.28306   TTFT p50 ms: 1664

  [1mprefix_p64k_n4[0m  num_prefixes=4 (prompts/prefix = 64/4)
    output tok/s: 365.87467   TTFT p50 ms: 1497

  [1mprefix_p64k_n16[0m  num_prefixes=16 (prompts/prefix = 64/16)
    output tok/s: 199.44016   TTFT p50 ms: 1342
  [33mnote[0m fewer prefixes = more sharing = more cache hits. TTFT should fall as n drops.

[1m== summary[0m
  label                   out tok/s  tot tok/s   TTFTp50   TPOTp50   KVpeak
    batch_isl16k_c1            96.3     6264.6       857       7.1    0.014
    batch_isl16k_c16          359.2    23363.0      2685      33.6    0.201
    batch_isl16k_c4           225.3    14654.9      1742      10.9    0.051
    batch_isl16k_c64          447.1    29080.3      2513     129.5    0.809
    ctx_isl131072_c8           47.2    24238.0     12891     116.7    0.725
    ctx_isl16384_c8           295.9    19247.4      2629      16.7    0.102
    ctx_isl262144_c8            0.0        0.0         0       0.0    0.000
    ctx_isl65536_c8           104.3    26802.4      7212      48.0    0.366
    prefix_p64k_n1            265.3    70312.4      1664      12.6    0.000
    prefix_p64k_n16           199.4    52861.0      1342      20.8    0.000
    prefix_p64k_n4            365.9    96974.0      1497      12.9    0.000

  results: GLM-5.3-Flash/results/bf16kv

  Reporting reminders (project conventions):
    - every number above is MEASURED; label it as such next to any analytical
      prediction from plan.md
    - carry hardware + quantization with each number (see manifest.txt)
    - MTP/spec-decode state changes throughput; note whether it was on
    - report achieved bandwidth as a FRACTION of 3.35 TB/s (H100) when you
      claim "memory-bound"
