[1mvLLM sweep[0m  http://localhost:8001  model=zai-org/GLM-5.3-Flash

[1m== preflight[0m
  [32mok[0m   server healthy at http://localhost:8001
  [32mok[0m   serving: zai-org/GLM-5.3-Flash
  [32mok[0m   output dir: GLM-5.3-Flash/results/bf16kv
  [32mok[0m   wrote GLM-5.3-Flash/results/bf16kv/manifest.txt

[1m== batch sweep (Q1) -- ISL 16K, OSL 256[0m

  [1mbatch_isl16k_c1[0m  ISL=16384 OSL=256 conc=1 prompts=8 seed=32239
    output tok/s   : 98.950917
    total  tok/s   : 6436.4479
    req/s          : 0.386527
    TTFT p50/p99 ms: 867 / 875
    TPOT p50/p99 ms: 7 / 7
    peak KV usage  : 0.012
  [31mFAIL[0m     new cache hits : 16000 -- NOT A COLD RUN, throughput is inflated
  [33mnote[0m     this point reused a previous point's prefix cache; discard it

  [1mbatch_isl16k_c4[0m  ISL=16384 OSL=256 conc=4 prompts=8 seed=55996
    output tok/s   : 89.498861
    total  tok/s   : 5821.6212
    req/s          : 0.349604
    TTFT p50/p99 ms: 2749 / 12439
    TPOT p50/p99 ms: 23 / 59
    peak KV usage  : 0.051
  [31mFAIL[0m     new cache hits : 16000 -- NOT A COLD RUN, throughput is inflated
  [33mnote[0m     this point reused a previous point's prefix cache; discard it

  [1mbatch_isl16k_c16[0m  ISL=16384 OSL=256 conc=16 prompts=32 seed=151024
    output tok/s   : 363.16283
    total  tok/s   : 23622.607
    req/s          : 1.418604
    TTFT p50/p99 ms: 1473 / 8033
    TPOT p50/p99 ms: 38 / 41
    peak KV usage  : 0.201
  [31mFAIL[0m     new cache hits : 16000 -- NOT A COLD RUN, throughput is inflated
  [33mnote[0m     this point reused a previous point's prefix cache; discard it

  [1mbatch_isl16k_c64[0m  ISL=16384 OSL=256 conc=64 prompts=128 seed=531136
    output tok/s   : 448.70470
    total  tok/s   : 29186.839
    req/s          : 1.752752
    TTFT p50/p99 ms: 2674 / 32290
    TPOT p50/p99 ms: 130 / 134
    peak KV usage  : 0.807
  [31mFAIL[0m     new cache hits : 16000 -- NOT A COLD RUN, throughput is inflated
  [33mnote[0m     this point reused a previous point's prefix cache; discard it

[1m== summary[0m
  label                   out tok/s  tot tok/s   TTFTp50   TPOTp50   KVpeak
    batch_isl16k_c1            99.0     6436.4       867       7.1    0.012
    batch_isl16k_c16          363.2    23622.6      1473      38.4    0.201
    batch_isl16k_c4            89.5     5821.6      2749      23.1    0.051
    batch_isl16k_c64          448.7    29186.8      2674     130.1    0.807

  results: GLM-5.3-Flash/results/bf16kv

  Reporting reminders (project conventions):
    - every number above is MEASURED; label it as such next to any analytical
      prediction from plan.md
    - carry hardware + quantization with each number (see manifest.txt)
    - MTP/spec-decode state changes throughput; note whether it was on
    - report achieved bandwidth as a FRACTION of 3.35 TB/s (H100) when you
      claim "memory-bound"
